---
http_interactions:
- request:
    method: delete
    uri: http://18.236.231.13/suite/Api/V8/module/Contacts/79a08232-6e62-dbaf-af6d-60f7146d1e87
    body:
      encoding: US-ASCII
      string: ''
    headers:
      Authorization:
      - Bearer eyJ0eXAiOiJKV1QiLCJhbGciOiJSUzI1NiIsImp0aSI6IjI3OGQ0NjYyNmNiZTQ3OTg3NjNjY2QxYzk5MTRiYzcxZDkzMDRhNWM4ZTZkMWVmNzZlNDgyMDE2NmRlMmJhODI1YjI5YjhhODM3ODhkNDI2In0.eyJhdWQiOiI0MWZkZmY0Ni0wNDk5LWFkZTgtZjRkNS02MGVlZmNkMmQ1ZDYiLCJqdGkiOiIyNzhkNDY2MjZjYmU0Nzk4NzYzY2NkMWM5OTE0YmM3MWQ5MzA0YTVjOGU2ZDFlZjc2ZTQ4MjAxNjZkZTJiYTgyNWIyOWI4YTgzNzg4ZDQyNiIsImlhdCI6MTYyNjgwNTQ2MiwibmJmIjoxNjI2ODA1NDYyLCJleHAiOjE2MjY4MDkwNjIsInN1YiI6IiIsInNjb3BlcyI6W119.rU7E_ZMDLwYvCdFGPMpoKoYJI9TiBz8Cwdj3e-Rb4aJl-5Ay3bzAGnn5_syWa0XARakPez3cR3lTS3kf3GnGMhdf_tuXG4i-NCQB-vzW8Ci-ITbSE4x99uR1_JY958mg-uYtxi6Vbrxa7X6c-Bs9UDL6XQKJrESNUC05yXtlYPVS0LS7hgwEUIzQ6FBsA3O1ZOEsKzigaoi5VxOs5ZdL8xn9fRtxs8iFnKlGFWDEA_isYS0LUFlNHANY-HnXBxzhKGlCWGTWW0Ja-jaw1LfC-FMEkg4PYUDf__Fbmf21cY429jrAyZVXEAosq6LSSB_WjwuU-RY5AVvi84dFuigBdw
      User-Agent:
      - Faraday v1.5.1
      Content-Type:
      - application/json
      Accept-Encoding:
      - gzip;q=1.0,deflate;q=0.6,identity;q=0.3
      Accept:
      - "*/*"
  response:
    status:
      code: 400
      message: Bad Request
    headers:
      Date:
      - Tue, 20 Jul 2021 18:32:39 GMT
      Server:
      - Apache/2.4.41 (Ubuntu)
      Access-Control-Allow-Origin:
      - "*"
      Access-Control-Allow-Methods:
      - POST, GET, OPTIONS, PUT, DELETE
      Access-Control-Allow-Headers:
      - Content-Type, Access-Control-Allow-Headers, Authorization, X-Requested-With
      Accept:
      - application/vnd.api+json
      Content-Length:
      - '165'
      Connection:
      - close
      Content-Type:
      - application/vnd.api+json
    body:
      encoding: UTF-8
      string: |-
        {
            "errors": {
                "status": 400,
                "title": null,
                "detail": "Contacts module with id 79a08232-6e62-dbaf-af6d-60f7146d1e87 is not found"
            }
        }
  recorded_at: Tue, 20 Jul 2021 18:32:39 GMT
- request:
    method: delete
    uri: http://18.236.231.13/suite/Api/V8/module/Contacts/51f7baeb-fe82-d3c1-5ef9-60c0de2c67cf
    body:
      encoding: US-ASCII
      string: ''
    headers:
      Authorization:
      - Bearer eyJ0eXAiOiJKV1QiLCJhbGciOiJSUzI1NiIsImp0aSI6IjI3OGQ0NjYyNmNiZTQ3OTg3NjNjY2QxYzk5MTRiYzcxZDkzMDRhNWM4ZTZkMWVmNzZlNDgyMDE2NmRlMmJhODI1YjI5YjhhODM3ODhkNDI2In0.eyJhdWQiOiI0MWZkZmY0Ni0wNDk5LWFkZTgtZjRkNS02MGVlZmNkMmQ1ZDYiLCJqdGkiOiIyNzhkNDY2MjZjYmU0Nzk4NzYzY2NkMWM5OTE0YmM3MWQ5MzA0YTVjOGU2ZDFlZjc2ZTQ4MjAxNjZkZTJiYTgyNWIyOWI4YTgzNzg4ZDQyNiIsImlhdCI6MTYyNjgwNTQ2MiwibmJmIjoxNjI2ODA1NDYyLCJleHAiOjE2MjY4MDkwNjIsInN1YiI6IiIsInNjb3BlcyI6W119.rU7E_ZMDLwYvCdFGPMpoKoYJI9TiBz8Cwdj3e-Rb4aJl-5Ay3bzAGnn5_syWa0XARakPez3cR3lTS3kf3GnGMhdf_tuXG4i-NCQB-vzW8Ci-ITbSE4x99uR1_JY958mg-uYtxi6Vbrxa7X6c-Bs9UDL6XQKJrESNUC05yXtlYPVS0LS7hgwEUIzQ6FBsA3O1ZOEsKzigaoi5VxOs5ZdL8xn9fRtxs8iFnKlGFWDEA_isYS0LUFlNHANY-HnXBxzhKGlCWGTWW0Ja-jaw1LfC-FMEkg4PYUDf__Fbmf21cY429jrAyZVXEAosq6LSSB_WjwuU-RY5AVvi84dFuigBdw
      User-Agent:
      - Faraday v1.5.1
      Content-Type:
      - application/json
      Accept-Encoding:
      - gzip;q=1.0,deflate;q=0.6,identity;q=0.3
      Accept:
      - "*/*"
  response:
    status:
      code: 200
      message: OK
    headers:
      Date:
      - Tue, 20 Jul 2021 18:43:36 GMT
      Server:
      - Apache/2.4.41 (Ubuntu)
      Access-Control-Allow-Origin:
      - "*"
      Access-Control-Allow-Methods:
      - POST, GET, OPTIONS, PUT, DELETE
      Access-Control-Allow-Headers:
      - Content-Type, Access-Control-Allow-Headers, Authorization, X-Requested-With
      Accept:
      - application/vnd.api+json
      Content-Length:
      - '123'
      Content-Type:
      - application/vnd.api+json
    body:
      encoding: UTF-8
      string: |-
        {
            "meta": {
                "message": "Record with id 51f7baeb-fe82-d3c1-5ef9-60c0de2c67cf is deleted"
            },
            "data": []
        }
  recorded_at: Tue, 20 Jul 2021 18:43:36 GMT
- request:
    method: delete
    uri: http://18.236.231.13/suite/Api/V8/module/Contacts/3569eb8a-3288-99c3-86c8-60f721244461
    body:
      encoding: US-ASCII
      string: ''
    headers:
      Authorization:
      - Bearer eyJ0eXAiOiJKV1QiLCJhbGciOiJSUzI1NiIsImp0aSI6ImM2ZWZlNjdiYWVjNzI2ZTIzOTBhODY0NzI5Zjg5ZGVmOGI1ZDU4ZDVmNjVlYWQ4ZDcxNGI2ODhhOTY4N2FmNjg0ZGIyNzljZWU4ZDhiM2M5In0.eyJhdWQiOiI0MWZkZmY0Ni0wNDk5LWFkZTgtZjRkNS02MGVlZmNkMmQ1ZDYiLCJqdGkiOiJjNmVmZTY3YmFlYzcyNmUyMzkwYTg2NDcyOWY4OWRlZjhiNWQ1OGQ1ZjY1ZWFkOGQ3MTRiNjg4YTk2ODdhZjY4NGRiMjc5Y2VlOGQ4YjNjOSIsImlhdCI6MTYyNjgwODgyMCwibmJmIjoxNjI2ODA4ODIwLCJleHAiOjE2MjY4MTI0MjAsInN1YiI6IiIsInNjb3BlcyI6W119.lJgPU-fSKofGmG3LcGQQVWyt28tTcMpjN6cxxxBuWeuogidrchZn_X1Lev-r2Uh9-qCQhX2N-GEZcIX6fUb_58ndNyMyhAmczLwEpB-3P7dYGLc9cByN1mcoRbKNiur5bF_qNm2H-1O2T3VL6LJCfTOOVW-m7R0aFKByMtMKV5tnMmslIKzZEmREGvZnq73npO35V9jQbSbW2iD8UEUhdfeI7OLX3M0lQIeEi1ERTSeOrTRybAyydpqIJ88SPsc5VsUyPaJ3N9eup4uCnXiFGRR0THTiUPUSXwt19i0nuZETTNs2_IT-MK7xFnb64_NylyqUOw5rVVAuhoJjM9yPuQ
      User-Agent:
      - Faraday v1.5.1
      Content-Type:
      - application/json
      Accept-Encoding:
      - gzip;q=1.0,deflate;q=0.6,identity;q=0.3
      Accept:
      - "*/*"
  response:
    status:
      code: 200
      message: OK
    headers:
      Date:
      - Tue, 20 Jul 2021 19:20:22 GMT
      Server:
      - Apache/2.4.41 (Ubuntu)
      Access-Control-Allow-Origin:
      - "*"
      Access-Control-Allow-Methods:
      - POST, GET, OPTIONS, PUT, DELETE
      Access-Control-Allow-Headers:
      - Content-Type, Access-Control-Allow-Headers, Authorization, X-Requested-With
      Accept:
      - application/vnd.api+json
      Content-Length:
      - '123'
      Content-Type:
      - application/vnd.api+json
    body:
      encoding: UTF-8
      string: |-
        {
            "meta": {
                "message": "Record with id 3569eb8a-3288-99c3-86c8-60f721244461 is deleted"
            },
            "data": []
        }
  recorded_at: Tue, 20 Jul 2021 19:20:22 GMT
- request:
    method: delete
    uri: http://18.236.231.13/suite/Api/V8/module/Contacts/6f0ede41-a514-1f40-d444-60f722965d92
    body:
      encoding: US-ASCII
      string: ''
    headers:
      Authorization:
      - Bearer eyJ0eXAiOiJKV1QiLCJhbGciOiJSUzI1NiIsImp0aSI6Ijg1ZTk5NWZmN2IxZTgyNGVhNGJlYjg5NjYxYWE5Mjc3OTkzYjhmOGIxNWVhNWYyODdlNjUyNDkwOTdhZGQ3ZmI5YjVjZWM2YmQ5YzIxY2RmIn0.eyJhdWQiOiI0MWZkZmY0Ni0wNDk5LWFkZTgtZjRkNS02MGVlZmNkMmQ1ZDYiLCJqdGkiOiI4NWU5OTVmZjdiMWU4MjRlYTRiZWI4OTY2MWFhOTI3Nzk5M2I4ZjhiMTVlYTVmMjg3ZTY1MjQ5MDk3YWRkN2ZiOWI1Y2VjNmJkOWMyMWNkZiIsImlhdCI6MTYyNjgwODg2NywibmJmIjoxNjI2ODA4ODY3LCJleHAiOjE2MjY4MTI0NjcsInN1YiI6IiIsInNjb3BlcyI6W119.ND-ras3brY1XpuYLpJH_u5wQ86UD8SrOfRkdilb8xl4Te1GijM6nzbwkJghaRpkgVpOfzz_XWrbT5j1nyfjhaFw9OhgPcBtmkolrWt4t3iQ_0a_zuNOikfG-vz-6osnEFbIVJuFhFTlpXRPugr0kVymMvTTHINSR7JBPwF3eLy24JzCb5SPYhVGzqBr2HOhrkbWGOdJ-YcUOYxpw86GMttlaOAupgbTIP56_VJbWdt9v6SXt8gM6IfBuKIiObmlCiYu3R_F43ogsqrGvSw0MQm7UC-6kHgDq2f4bE6cmjm8By2Fgpf86hrh-Nd7LsvU79XdJ2XoToBlFDYXWg-_XBg
      User-Agent:
      - Faraday v1.5.1
      Content-Type:
      - application/json
      Accept-Encoding:
      - gzip;q=1.0,deflate;q=0.6,identity;q=0.3
      Accept:
      - "*/*"
  response:
    status:
      code: 200
      message: OK
    headers:
      Date:
      - Tue, 20 Jul 2021 19:21:09 GMT
      Server:
      - Apache/2.4.41 (Ubuntu)
      Access-Control-Allow-Origin:
      - "*"
      Access-Control-Allow-Methods:
      - POST, GET, OPTIONS, PUT, DELETE
      Access-Control-Allow-Headers:
      - Content-Type, Access-Control-Allow-Headers, Authorization, X-Requested-With
      Accept:
      - application/vnd.api+json
      Content-Length:
      - '123'
      Content-Type:
      - application/vnd.api+json
    body:
      encoding: UTF-8
      string: |-
        {
            "meta": {
                "message": "Record with id 6f0ede41-a514-1f40-d444-60f722965d92 is deleted"
            },
            "data": []
        }
  recorded_at: Tue, 20 Jul 2021 19:21:09 GMT
- request:
    method: post
    uri: http://18.236.231.13/suite/Api/V8/module
    body:
      encoding: UTF-8
      string: '{"data":{"type":"Contacts","attributes":{"last_name":"API Tester"}}}'
    headers:
      Authorization:
      - Bearer eyJ0eXAiOiJKV1QiLCJhbGciOiJSUzI1NiIsImp0aSI6ImUxMGFmYWY5MzJhZDU5NzU0NzA3MzZjNzBkY2I0YTIxZWRjNGQ1NWE1NzEzMjU2YmRiOTIzMjM5MDk3NWY1ZjcyM2VmYjBkMzgxMDU2NGQzIn0.eyJhdWQiOiI0MWZkZmY0Ni0wNDk5LWFkZTgtZjRkNS02MGVlZmNkMmQ1ZDYiLCJqdGkiOiJlMTBhZmFmOTMyYWQ1OTc1NDcwNzM2YzcwZGNiNGEyMWVkYzRkNTVhNTcxMzI1NmJkYjkyMzIzOTA5NzVmNWY3MjNlZmIwZDM4MTA1NjRkMyIsImlhdCI6MTYyNjg3OTAyNywibmJmIjoxNjI2ODc5MDI3LCJleHAiOjE2MjY4ODI2MjcsInN1YiI6IiIsInNjb3BlcyI6W119.LHBpzguP9CQSbGENlhUJR4TeY8mw9aN-T1usv3m6vjohEunK7KYEpOzgRFrRpQsg3jipnLGEJoZy8YI__hLmxIxEl5YTrQWk5_-ISbDr9tEerk_u58oukF3r0TTETa87A_-J7OTu8tTMOdzxXBNE_V3lTHrWer3yTpTzQKi9SGSPIDZWoEWJY08zJxJQikseVqgGsF0VyVmK7tSE7_v8aTzOTwuJrmrkA9RPznq22kogQKSnFC4c-BtLyVVh_Yq_brgMjzJWrmjckmvt3RRk_bxmkie5e97ZX0_BUd9KjhQ0l4JpEnmDfTJtCEqxRFEeyJj1p5oMVO2ionRVlNgGjw
      User-Agent:
      - Faraday v1.5.1
      Content-Type:
      - application/json
      Accept-Encoding:
      - gzip;q=1.0,deflate;q=0.6,identity;q=0.3
      Accept:
      - "*/*"
  response:
    status:
      code: 201
      message: Created
    headers:
      Date:
      - Wed, 21 Jul 2021 14:50:28 GMT
      Server:
      - Apache/2.4.41 (Ubuntu)
      Access-Control-Allow-Origin:
      - "*"
      Access-Control-Allow-Methods:
      - POST, GET, OPTIONS, PUT, DELETE
      Access-Control-Allow-Headers:
      - Content-Type, Access-Control-Allow-Headers, Authorization, X-Requested-With
      Accept:
      - application/vnd.api+json
      Content-Length:
      - '6283'
      Content-Type:
      - application/vnd.api+json
    body:
      encoding: UTF-8
      string: |-
        {
            "data": {
                "type": "Contact",
                "id": "9d40947e-6def-c134-1220-60f834d5bf7a",
                "attributes": {
                    "name": "API Tester",
                    "date_entered": "2021-07-21T14:50:00+00:00",
                    "date_modified": "2021-07-21T14:50:00+00:00",
                    "modified_user_id": "1",
                    "modified_by_name": "Dino Simone",
                    "created_by": "1",
                    "created_by_name": "Dino Simone",
                    "description": "",
                    "deleted": "0",
                    "created_by_link": "",
                    "modified_user_link": "",
                    "assigned_user_id": "",
                    "assigned_user_name": "",
                    "assigned_user_link": "",
                    "SecurityGroups": "",
                    "salutation": "",
                    "first_name": "",
                    "last_name": "API Tester",
                    "full_name": "API Tester",
                    "title": "",
                    "photo": "",
                    "department": "",
                    "do_not_call": "0",
                    "phone_home": "",
                    "email": "",
                    "phone_mobile": "",
                    "phone_work": "",
                    "phone_other": "",
                    "phone_fax": "",
                    "email1": "",
                    "email2": "",
                    "invalid_email": "",
                    "email_opt_out": "",
                    "lawful_basis": "",
                    "date_reviewed": "",
                    "lawful_basis_source": "",
                    "primary_address_street": "",
                    "primary_address_street_2": "",
                    "primary_address_street_3": "",
                    "primary_address_city": "",
                    "primary_address_state": "",
                    "primary_address_postalcode": "",
                    "primary_address_country": "",
                    "alt_address_street": "",
                    "alt_address_street_2": "",
                    "alt_address_street_3": "",
                    "alt_address_city": "",
                    "alt_address_state": "",
                    "alt_address_postalcode": "",
                    "alt_address_country": "",
                    "assistant": "",
                    "assistant_phone": "",
                    "email_addresses_primary": "",
                    "email_addresses": "",
                    "email_addresses_non_primary": "",
                    "email_and_name1": "",
                    "lead_source": "",
                    "account_name": "",
                    "account_id": "",
                    "opportunity_role_fields": "",
                    "opportunity_role_id": "",
                    "opportunity_role": "",
                    "reports_to_id": "",
                    "report_to_name": "",
                    "birthdate": "",
                    "accounts": "",
                    "reports_to_link": {},
                    "opportunities": "",
                    "bugs": "",
                    "calls": "",
                    "cases": "",
                    "direct_reports": "",
                    "emails": "",
                    "documents": "",
                    "leads": "",
                    "meetings": "",
                    "notes": "",
                    "project": "",
                    "project_resource": "",
                    "am_projecttemplates_resources": "",
                    "am_projecttemplates_contacts_1": "",
                    "tasks": "",
                    "tasks_parent": "",
                    "notes_parent": "",
                    "user_sync": {},
                    "campaign_id": "",
                    "campaign_name": "",
                    "campaigns": "",
                    "campaign_contacts": {},
                    "c_accept_status_fields": "",
                    "m_accept_status_fields": "",
                    "accept_status_id": "",
                    "accept_status_name": "",
                    "prospect_lists": "",
                    "sync_contact": "",
                    "fp_events_contacts": "",
                    "aos_quotes": "",
                    "aos_invoices": "",
                    "aos_contracts": "",
                    "e_invite_status_fields": "",
                    "event_status_name": "",
                    "event_invite_id": "",
                    "e_accept_status_fields": "",
                    "event_accept_status": "",
                    "event_status_id": "",
                    "project_contacts_1": "",
                    "aop_case_updates": "",
                    "joomla_account_id": "",
                    "portal_account_disabled": false,
                    "joomla_account_access": "",
                    "portal_user_type": "Single"
                },
                "relationships": {
                    "AM_ProjectTemplates": {
                        "links": {
                            "related": "V8/module/9d40947e-6def-c134-1220-60f834d5bf7a/relationships/am_projecttemplates_contacts_1"
                        }
                    },
                    "AOS_Contracts": {
                        "links": {
                            "related": "V8/module/9d40947e-6def-c134-1220-60f834d5bf7a/relationships/aos_contracts"
                        }
                    },
                    "AOS_Invoices": {
                        "links": {
                            "related": "V8/module/9d40947e-6def-c134-1220-60f834d5bf7a/relationships/aos_invoices"
                        }
                    },
                    "AOS_Quotes": {
                        "links": {
                            "related": "V8/module/9d40947e-6def-c134-1220-60f834d5bf7a/relationships/aos_quotes"
                        }
                    },
                    "CampaignLog": {
                        "links": {
                            "related": "V8/module/9d40947e-6def-c134-1220-60f834d5bf7a/relationships/campaigns"
                        }
                    },
                    "EmailAddress": {
                        "links": {
                            "related": "V8/module/9d40947e-6def-c134-1220-60f834d5bf7a/relationships/email_addresses"
                        }
                    },
                    "Opportunities": {
                        "links": {
                            "related": "V8/module/9d40947e-6def-c134-1220-60f834d5bf7a/relationships/opportunities"
                        }
                    },
                    "Project": {
                        "links": {
                            "related": "V8/module/9d40947e-6def-c134-1220-60f834d5bf7a/relationships/project_contacts_1"
                        }
                    },
                    "ProspectLists": {
                        "links": {
                            "related": "V8/module/9d40947e-6def-c134-1220-60f834d5bf7a/relationships/prospect_lists"
                        }
                    },
                    "SecurityGroups": {
                        "links": {
                            "related": "V8/module/9d40947e-6def-c134-1220-60f834d5bf7a/relationships/SecurityGroups"
                        }
                    },
                    "Users": {
                        "links": {
                            "related": "V8/module/9d40947e-6def-c134-1220-60f834d5bf7a/relationships/created_by_link"
                        }
                    }
                }
            }
        }
  recorded_at: Wed, 21 Jul 2021 14:50:28 GMT
- request:
    method: delete
    uri: http://18.236.231.13/suite/Api/V8/module/Contacts/9d40947e-6def-c134-1220-60f834d5bf7a
    body:
      encoding: US-ASCII
      string: ''
    headers:
      Authorization:
      - Bearer eyJ0eXAiOiJKV1QiLCJhbGciOiJSUzI1NiIsImp0aSI6ImUxMGFmYWY5MzJhZDU5NzU0NzA3MzZjNzBkY2I0YTIxZWRjNGQ1NWE1NzEzMjU2YmRiOTIzMjM5MDk3NWY1ZjcyM2VmYjBkMzgxMDU2NGQzIn0.eyJhdWQiOiI0MWZkZmY0Ni0wNDk5LWFkZTgtZjRkNS02MGVlZmNkMmQ1ZDYiLCJqdGkiOiJlMTBhZmFmOTMyYWQ1OTc1NDcwNzM2YzcwZGNiNGEyMWVkYzRkNTVhNTcxMzI1NmJkYjkyMzIzOTA5NzVmNWY3MjNlZmIwZDM4MTA1NjRkMyIsImlhdCI6MTYyNjg3OTAyNywibmJmIjoxNjI2ODc5MDI3LCJleHAiOjE2MjY4ODI2MjcsInN1YiI6IiIsInNjb3BlcyI6W119.LHBpzguP9CQSbGENlhUJR4TeY8mw9aN-T1usv3m6vjohEunK7KYEpOzgRFrRpQsg3jipnLGEJoZy8YI__hLmxIxEl5YTrQWk5_-ISbDr9tEerk_u58oukF3r0TTETa87A_-J7OTu8tTMOdzxXBNE_V3lTHrWer3yTpTzQKi9SGSPIDZWoEWJY08zJxJQikseVqgGsF0VyVmK7tSE7_v8aTzOTwuJrmrkA9RPznq22kogQKSnFC4c-BtLyVVh_Yq_brgMjzJWrmjckmvt3RRk_bxmkie5e97ZX0_BUd9KjhQ0l4JpEnmDfTJtCEqxRFEeyJj1p5oMVO2ionRVlNgGjw
      User-Agent:
      - Faraday v1.5.1
      Content-Type:
      - application/json
      Accept-Encoding:
      - gzip;q=1.0,deflate;q=0.6,identity;q=0.3
      Accept:
      - "*/*"
  response:
    status:
      code: 200
      message: OK
    headers:
      Date:
      - Wed, 21 Jul 2021 14:50:28 GMT
      Server:
      - Apache/2.4.41 (Ubuntu)
      Access-Control-Allow-Origin:
      - "*"
      Access-Control-Allow-Methods:
      - POST, GET, OPTIONS, PUT, DELETE
      Access-Control-Allow-Headers:
      - Content-Type, Access-Control-Allow-Headers, Authorization, X-Requested-With
      Accept:
      - application/vnd.api+json
      Content-Length:
      - '123'
      Content-Type:
      - application/vnd.api+json
    body:
      encoding: UTF-8
      string: |-
        {
            "meta": {
                "message": "Record with id 9d40947e-6def-c134-1220-60f834d5bf7a is deleted"
            },
            "data": []
        }
  recorded_at: Wed, 21 Jul 2021 14:50:28 GMT
recorded_with: VCR 6.0.0
